this line should not be changed
THIS LINE should be changed
