Change THIS LINE
Don't change this line
Also change THIS LINE
But still not this line
