
<!-- TODO(jez) Document .on_failure / .checked once API is stable. -->
